// Vitest Snapshot v1, https://vitest.dev/guide/snapshot.html

exports[`Warning > snapshots > should match snapshot with passed content 1`] = `
<div
  class="cwa:flex cwa:items-start cwa:outline-1 cwa:outline-offset-2 cwa:outline-red-500/50 cwa:bg-red-500/50 cwa:text-white cwa:text-sm cwa:font-bold cwa:px-4 cwa:py-3 cwa:rounded-md"
  role="alert"
>
  
  <div>
    CWA
  </div>
  
</div>
`;
