// Vitest Snapshot v1, https://vitest.dev/guide/snapshot.html

exports[`ComponentGroup > snapshots > should match snapshot IF loader is shown 1`] = `
<div
  class="component-group-placeholder"
>
  <spinner-stub
    show="true"
  />
</div>
`;

exports[`ComponentGroup > snapshots > should match snapshot IF resource is not found 1`] = `<!--v-if-->`;

exports[`ComponentGroup > snapshots > should match snapshot IF there are component positions defined 1`] = `
<div
  data-v-app=""
>

  <!-- CWA_START -->

  <resourceloader-stub
    class=""
    componentprefix=""
    data-sort-value="mock_sort_pos1"
    iri="pos1"
    uicomponent="[object Object]"
  />
  <resourceloader-stub
    class=""
    componentprefix=""
    data-sort-value="mock_sort_pos2"
    iri="pos2"
    uicomponent="[object Object]"
  />
  <resourceloader-stub
    class=""
    componentprefix=""
    data-sort-value="mock_sort_pos3"
    iri="pos3"
    uicomponent="[object Object]"
  />

  <!--cwa-end-->

</div>
`;

exports[`ComponentGroup > snapshots > should match snapshot IF there are no component positions defined 1`] = `<!--v-if-->`;

exports[`ComponentGroup > snapshots > should match snapshot IF user is logged in but there are no positions 1`] = `
<div
  class="cwa:flex cwa:justify-center cwa:border-2 cwa:border-dashed cwa:border-gray-200 cwa:p-5"
>
  <lazyhotspot-stub
    screen-reader-action="Add component position"
  />
</div>
`;
