// Vitest Snapshot v1, https://vitest.dev/guide/snapshot.html

exports[`ComponentPosition > snapshots > should match snapshot with ResourceLoader component with componentIri 1`] = `
<div
  data-v-app=""
>

  <!--cwa-start-->
  <resourceloader-stub
    componentprefix="CwaComponent"
    iri="test"
  />
  <!--cwa-end-->

</div>
`;
